verify-docs: 10 line-count claim(s) recomputed
verify-docs: 6 project program(s) match the chapters that print them
verify-docs: 30 version literal(s) in reader-facing text, each audited against wolf 0.2.23 / lupin 0.1.46
verify-docs: 655 wolf listing(s) scanned for interpolation the vendored grammar cannot paint (wolf-book#5)
verify-docs: EXERCISES-INDEX.md agrees with the corpus — 345 exercises (296 printed); 8 pending · 78 prose · 9 run (lupin REPL) · 191 run (lupin) · 28 run (wolf + lupin) · 31 run (wolf); fingers 61 · comprehension 154 · extension 79 · spelunking 28 · design 37
verify-docs: FAIL principles/exercises/ch07/EXERCISES.md:646: the fence quoting `ch07/ex7-15.lu` is not what the file says, so the Solutions page prints a program CI never ran (a fence that is not the whole file says `(excerpt)` and marks each elision with `...`, ruling #41)
verify-docs: FAIL principles/exercises/ch07/EXERCISES.md:698: the fence quoting `ch07/ex7-16.lu` is not what the file says, so the Solutions page prints a program CI never ran (a fence that is not the whole file says `(excerpt)` and marks each elision with `...`, ruling #41)
verify-docs: FAIL principles/exercises/ch07/EXERCISES.md:917: the fence quoting `ch07/ex7-20.lu` is not what the file says, so the Solutions page prints a program CI never ran (a fence that is not the whole file says `(excerpt)` and marks each elision with `...`, ruling #41)
verify-docs: FAIL principles/exercises/ch07/EXERCISES.md:1102: the fence quoting `ch07/ex7-23.lu` is not what the file says, so the Solutions page prints a program CI never ran (a fence that is not the whole file says `(excerpt)` and marks each elision with `...`, ruling #41)
verify-docs: FAIL principles/exercises/ch08/EXERCISES.md:201: the fence quoting `ch08/ex8-6.lu` is not what the file says, so the Solutions page prints a program CI never ran (a fence that is not the whole file says `(excerpt)` and marks each elision with `...`, ruling #41)
verify-docs: FAIL principles/exercises/ch08/EXERCISES.md:502: the fence quoting `ch08/ex8-15.lu` is not what the file says, so the Solutions page prints a program CI never ran (a fence that is not the whole file says `(excerpt)` and marks each elision with `...`, ruling #41)
verify-docs: FAIL principles/exercises/ch09/EXERCISES.md:134: the fence quoting `ch09/ex9-5.lu` is not what the file says, so the Solutions page prints a program CI never ran (a fence that is not the whole file says `(excerpt)` and marks each elision with `...`, ruling #41)
verify-docs: FAIL principles/exercises/ch09/EXERCISES.md:376: the fence quoting `ch09/ex9-13.lu` is not what the file says, so the Solutions page prints a program CI never ran (a fence that is not the whole file says `(excerpt)` and marks each elision with `...`, ruling #41)
verify-docs: FAIL principles/exercises/ch10/EXERCISES.md:193: the fence quoting `ch10/ex10-7.lu` is not what the file says, so the Solutions page prints a program CI never ran (a fence that is not the whole file says `(excerpt)` and marks each elision with `...`, ruling #41)
verify-docs: FAIL principles/exercises/ch11/EXERCISES.md:125: the fence quoting `ch11/ex11-5.lu` is not what the file says, so the Solutions page prints a program CI never ran (the `(excerpt)` label admits the file's own lines with `...` at each elision, not a different program)
verify-docs: FAIL principles/exercises/ch13/EXERCISES.md:237: the fence quoting `ch13/ex13-5.lu` is not what the file says, so the Solutions page prints a program CI never ran (a fence that is not the whole file says `(excerpt)` and marks each elision with `...`, ruling #41)
verify-docs: FAIL principles/exercises/ch13/EXERCISES.md:299: the fence quoting `ch13/ex13-7.lu` is not what the file says, so the Solutions page prints a program CI never ran (the `(excerpt)` label admits the file's own lines with `...` at each elision, not a different program)
verify-docs: FAIL principles/exercises/ch14/EXERCISES.md:210: the fence quoting `ch14/ex14-7.lu` is not what the file says, so the Solutions page prints a program CI never ran (the `(excerpt)` label admits the file's own lines with `...` at each elision, not a different program)
verify-docs: FAIL principles/exercises/ch14/EXERCISES.md:256: the fence quoting `ch14/ex14-9.lu` is not what the file says, so the Solutions page prints a program CI never ran (a fence that is not the whole file says `(excerpt)` and marks each elision with `...`, ruling #41)
verify-docs: FAIL principles/exercises/ch15/EXERCISES.md:174: the fence quoting `ch15/ex15-6.lu` is not what the file says, so the Solutions page prints a program CI never ran (a fence that is not the whole file says `(excerpt)` and marks each elision with `...`, ruling #41)
verify-docs: FAIL principles/exercises/ch16/EXERCISES.md:47: the fence quoting `ch16/ex16-2.lu` is not what the file says, so the Solutions page prints a program CI never ran (a fence that is not the whole file says `(excerpt)` and marks each elision with `...`, ruling #41)
verify-docs: FAIL principles/exercises/ch16/EXERCISES.md:192: the fence quoting `ch16/ex16-7.lu` is not what the file says, so the Solutions page prints a program CI never ran (a fence that is not the whole file says `(excerpt)` and marks each elision with `...`, ruling #41)
verify-docs: FAIL principles/exercises/ch18/EXERCISES.md:475: the fence quoting `ch18/ex18-15.lu` is not what the file says, so the Solutions page prints a program CI never ran (the `(excerpt)` label admits the file's own lines with `...` at each elision, not a different program)
verify-docs: FAIL principles/exercises/ch21/EXERCISES.md:40: the fence quoting `ch21/ex21-2.lu` is not what the file says, so the Solutions page prints a program CI never ran (a fence that is not the whole file says `(excerpt)` and marks each elision with `...`, ruling #41)
verify-docs: FAIL principles/exercises/ch27/EXERCISES.md:16: the fence quoting `ex27-1.lu` is not what the file says, so the Solutions page prints a program CI never ran (a fence that is not the whole file says `(excerpt)` and marks each elision with `...`, ruling #41)
error: 20 doc-truth failure(s)
EXIT 1
