samples: lupin = /home/mfwolffe/lanes/bs63/new/lupin-0.1.48-x86_64-unknown-linux-gnu/lupin
samples: wolf  = /home/mfwolffe/lanes/bs63/new/wolf-0.2.25-x86_64-unknown-linux-gnu/wolf
samples: SKIP extraction book/back/solutions.md — generated from the two places solutions live, and this run reaches both directly: the exercise corpus under principles/exercises/ (chapters 7+) and principles/EXERCISES.md §5, the master for the chapter 1-6 exemplar batch (wolf-book#44). Every console block on both is replayed below; cargo xtask backmatter --check holds the page to them
samples: PENDING ch05/ex5-8 [run(exit=0, stdout="marmot 5")] — blocker: TWO blockers, re-measured at bs50 against wolf 0.2.15 / lupin 0.1.37, and NEITHER is the one this row used to name. (1) `sorted_by` exists now — it is one of `[type.comb.set]`'s ten — but it is a `std.list` function that must reach its home module, and this repository configures no std root for either tool, so both machines decline at `[type.method.root]`: lupin `unsupported`, wolf E0301. That half is wolf-book#39, not a std-surface debt. (2) `.take(1)` can never arrive: `take` is a keyword, so `fn take` is E0008 on both machines and no std function may carry the name. This row is waiting on a spelling that cannot exist and the exercise wants rewriting (wolf-book#58). Re-measured at bs53 against wolf 0.2.17 / lupin 0.1.40, and identically against 0.2.16 / 0.1.38: lupin `unsupported` (`List.sorted_by` reaches `std.list` and no std root is configured), exit 4; wolf no longer says E0301 — it answers `cannot compile this yet — member access on a value whose type is still being inferred` at `resolve`, exit 4. wolf-book#39 closed on 2026-09-12 with the std posture recorded in `wolf-toolchain.toml`; its open successor is wolf-book#45. Re-measured at bs54 against wolf 0.2.18 / lupin 0.1.41, and identically against 0.2.17 / 0.1.40 the same hour: both answers unchanged, word for word, at the same span (@300..303). Re-measured at bs55 against wolf 0.2.19 / lupin 0.1.42 and 0.2.18 / 0.1.41 the same hour: identical on both pairs, word for word, same span. Re-measured at bs58 against wolf 0.2.21 / lupin 0.1.44 and 0.2.19 / 0.1.42 the same hour (release archives by digest, docs/audit/bs58-evidence/probes-control.txt and probes-subject.txt): identical on both pairs, word for word, same span. (owner: wolf-book#45 (the std root; successor of the closed #39) + wolf-book#58 (the unspellable `take`))
samples: PENDING ch07/ex7-5 [fail(E1003)] — blocker: borrow-escape checking reaches no static verdict. Re-measured at bs53 against wolf 0.2.17 / lupin 0.1.40, and identically against 0.2.16 / 0.1.38: wolf answers `cannot compile this yet — borrow expressions` at `resolve` (exit 4; `channel` resolves now, so the old second clause is gone), and lupin runs the program to exit 0 with no static rung. Re-measured at bs54 against wolf 0.2.18 / lupin 0.1.41: unchanged on both (`borrow expressions` @365..367, lupin exit 0). Re-measured at bs55 against wolf 0.2.19 / lupin 0.1.42: unchanged on both, same span. Re-measured at bs58 against wolf 0.2.21 / lupin 0.1.44 and 0.2.19 / 0.1.42 the same hour (release archives by digest, docs/audit/bs58-evidence/probes-control.txt and probes-subject.txt): identical on both pairs, word for word, same span. (owner: s33-channels-select, then s18-tier0-exclusivity)
samples: PENDING ch08/ex8-7 [run(exit=0, stdout="c a")] — blocker: TWO blockers, bisected at bs51 against wolf 0.2.16 / lupin 0.1.38 with two minimal programs rather than inferred from the exercise, and EACH MACHINE NOW SERVES THE HALF THE OTHER REFUSES. (1) The place write this row has always named — `pool[h].next = k` — LANDED ON THE COMPILER (s173: the pool is the base and the handle the index) and is still the interpreter's wall, in new words: lupin answers `unsupported: handle is not a `Map` key — a key is `str`, `int`, `char` or `bool` [type.map.key]` and exits 4, where wolf 0.2.16 runs the same program to exit 0. (2) A blocker that is NEW and is the COMPILER's: the LRU walk's `while cur != tail` compares two handles, and wolf answers `cannot compile this yet — `==` on a container, tuple or handle (no `Eq` for these this edition)` and exits 4, where lupin runs it. A conservatism line, not a rejection. bs51 predicted this row would flip on s173 and was wrong: s173 moved the half the row named and a second wall was behind it. Re-measured at bs53 (0.2.17 / 0.1.40) and at bs54 (0.2.18 / 0.1.41): both halves hold in the same words, the compiler's at the same span (@1926..1929); 0.2.18's pool-handle revival (eg01b) is about moves, not `Eq`. Re-measured at bs55 (0.2.19 / 0.1.42, and 0.2.18 / 0.1.41 the same hour): both halves identical, same span; 0.2.19's element claims (EG2) and header reads touch neither `Eq` nor map keys. Re-measured at bs58 against wolf 0.2.21 / lupin 0.1.44 and 0.2.19 / 0.1.42 the same hour (release archives by digest, docs/audit/bs58-evidence/probes-control.txt and probes-subject.txt): identical on both pairs, word for word, same span. (owner: wolf-book#60 (both halves, with the measurement))
samples: 125 corpus file(s) held back from the export — one-machine directives the other runner cannot spell (principles/TWO-MACHINES.md)

samples: 512 samples (250 corpus roots + 16 corpus members on disk, 262 book blocks)
samples: 509 passed, 3 pending (report-only), 0 failed, 0 flips in 30.0s
samples: 485 of 505 console block(s) replayed against the pinned tools
samples: of those, 230 of 232 book block(s) and 255 of 273 exercise-corpus block(s) (wolf-book#24)
samples: SKIP console /home/mfwolffe/lanes/bs63/wolf-book/book/ch01.md:322: `(cd wolf-lang` needs a shell
samples: SKIP console /home/mfwolffe/lanes/bs63/wolf-book/book/ch07.md:722: `grep -n '(mut ' shelf.lu` is not a pinned tool
samples: DECLINED corpus console principles/exercises/ch01/EXERCISES.md:18 [typed]: an interactive session — the block opens on a bare `$ lupin` and the transcript is what a reader types into the prompt — wolf-book#29 §4, retires at wolf-interp is08 (the REPL replay lane)
samples: DECLINED corpus console principles/exercises/ch01/EXERCISES.md:145 [file]: `ch01/hello.lu` — the one genuinely missing file of the eight — AND a warm cache the fixture cannot carry: the transcript is the SECOND build's (`reused object`), while a staged copy starts cold because `.lu-cache/` is gitignored, and the key the line prints is the one the page itself tells the reader will differ — wolf-book#29 §2 (premise sharpened at bs44), retires at the ch01 fixture, a transcript respelled to do both builds, and a key the comparison can hold (a `samples-os.toml`-style declared line, or a `--verbose` that prints `reused` without the digest)
samples: DECLINED corpus console principles/exercises/ch01/EXERCISES.md:198 [binary-or-shell]: a shell — `diff <(./hello) <(lupin hello.lu)` is process substitution, which `words()` declines by design (and the `hello.lu` of ch01:145 besides) — wolf-book#29 §5, retires at nothing planned; the exercise compares the two machines by hand and that is the point of it
samples: DECLINED corpus console principles/exercises/ch02/EXERCISES.md:81 [typed]: an expression to type — `lupin eval '"\n".len'` has no file behind it. Cheapest of the twenty: it needs no fixture and no lane, only a rule that admits an evaluated expression — wolf-book#29 §4, retires at the `eval` widening (with ch02:101), or wolf-interp is08 if the REPL lane takes both
samples: DECLINED corpus console principles/exercises/ch02/EXERCISES.md:101 [typed]: an expression to type — `lupin eval '"wolf"[..2]'` has no file behind it — wolf-book#29 §4, retires at the `eval` widening (with ch02:81), or wolf-interp is08 if the REPL lane takes both
samples: DECLINED corpus console principles/exercises/ch07/EXERCISES.md:553 [typed]: an interactive session — the block opens on a bare `$ lupin` — wolf-book#29 §4, retires at wolf-interp is08 (the REPL replay lane)
samples: DECLINED corpus console principles/exercises/ch08/EXERCISES.md:134 [typed]: an interactive session — the block opens on a bare `$ lupin` — wolf-book#29 §4, retires at wolf-interp is08 (the REPL replay lane)
samples: DECLINED corpus console principles/exercises/ch09/EXERCISES.md:17 [binary-or-shell]: a shell — `grep -rn 'unsafe {' ch01 … | wc -l` is a pipeline over the corpus tree, which `words()` declines by design — wolf-book#29 §5, retires at nothing planned; the count it prints is a fact about the corpus, not about a tool
samples: DECLINED corpus console principles/exercises/ch09/EXERCISES.md:243 [binary-or-shell]: the corpus rule to admit a binary `wolf build` just produced — `./ex9-8` names no solution, it names a link product — wolf-book#29 §5, retires at the `Verb::Local` widening for corpus blocks (the book lane already runs it on unix)
samples: DECLINED corpus console principles/exercises/ch11/EXERCISES.md:166 [typed]: an interactive session — the block opens on a bare `$ lupin` — wolf-book#29 §4, retires at wolf-interp is08 (the REPL replay lane)
samples: DECLINED corpus console principles/exercises/ch19/EXERCISES.md:23 [binary-or-shell]: the corpus rule to admit a binary `wolf build` just produced — `./ex19-1` names no solution, it names a link product — wolf-book#29 §5, retires at the `Verb::Local` widening for corpus blocks (the book lane already runs it on unix)
samples: DECLINED corpus console principles/exercises/ch22/EXERCISES.md:114 [file]: NOT a missing file. The block is exercise 22-11's D32 demonstration — an unmarked `widest.lu` joining `sum.lu`'s module, E0302 on `main`. A corpus `.lu` must carry `//! check:` and `//! phase:`, and `[conf.directive.standalone]` (D59) makes a file carrying both a standalone entry that never joins its directory's module, so the collision cannot be staged. Measured on wolf 0.2.12 and lupin 0.1.34: the pair runs clean, exit 0 both — wolf-book#29 §2 (premise corrected at bs44), retires at a corpus admission rule that can hold a non-standalone member. The `console,in(pkg/…)` escape hatch is NOT one today, and the reason is an ordering rather than a design: a corpus fence parses `in(…)` (`collect_corpus_console` carries `fi.in_fixture` through), but `console::check` runs the corpus admission gate against the real exercise directory BEFORE any staging, so the block is declined before the fixture is looked at — and if it got that far, `stage()` opens with `remove_dir_all(dir)` and would wipe the staged exercise tree the corpus lane had just put there. Two small fixes, one hole
samples: DECLINED corpus console principles/exercises/ch23/EXERCISES.md:124 [file]: the corpus rule to admit a `--dir` package, not a fixture. None of the six commands carries a `.lu` argument, and `plain_run_of_a_solution` declines any `wolf`/`lupin` command that names no `.lu` on disk — so a checked-in `app/` changes nothing until the rule widens. The package itself already exists as `samples/pkg/shelf/`, which prints this block's tree verbatim at book/ch24.md — wolf-book#29 §2 (premise corrected at bs44), retires at the `--dir` widening for corpus blocks, after which `samples/pkg/shelf` is the fixture
samples: DECLINED corpus console principles/exercises/ch24/EXERCISES.md:136 [file]: the same `--dir` widening as ch23's, and then one more thing: the transcript runs `wolf update` BEFORE `wolf audit --ci` and still expects the ACQUIRES line, which is the opposite of what the page's own prose says refreshing first does. `samples/pkg/acquired/` is the stale-ledger package already, and book/ch24.md prints its ACQUIRES output with no `update` in front of it — wolf-book#29 §2 (premise corrected at bs44), retires at the `--dir` widening, plus a re-reading of the transcript's own ordering
samples: DECLINED corpus console principles/exercises/ch26/EXERCISES.md:127 [file]: two things, and the file is the second. `wolf build count.lu && ./count` ends in a `Verb::Local`, which the corpus rule refuses outright — the same widening the `binary-or-shell` rows below wait on. After that it needs `count.lu`, `one.txt` and `two.txt` with exactly the byte, word and line counts the transcript prints — wolf-book#29 §2 (premise corrected at bs44), retires at the `Verb::Local` widening for corpus blocks, then the ch26 fixture
samples: DECLINED corpus console principles/exercises/ch30/EXERCISES.md:84 [binary-or-shell]: the corpus rule to admit a binary `wolf build` just produced — `./ex30-3` names no solution, it names a link product — wolf-book#29 §5, retires at the `Verb::Local` widening for corpus blocks (the book lane already runs it on unix)
samples: DECLINED corpus console principles/exercises/ch30/EXERCISES.md:113 [binary-or-shell]: the corpus rule to admit a binary `wolf build` just produced — `./ex30-4` names no solution, it names a link product — wolf-book#29 §5, retires at the `Verb::Local` widening for corpus blocks (the book lane already runs it on unix)
samples: DECLINED corpus console principles/EXERCISES.md:376 [typed]: an expression to type — exercise 2-1's three `lupin eval '…'` prompts have no file behind them, and the exemplar batch checks in no `ex2-1.lu` for them to name. The exercise declares its own machine as `lupin REPL` in its taxonomy line, so this is a REPL block written in `eval`'s spelling; it wants exactly what ch02:81 and ch02:101 want — wolf-book#44, retires at the `eval` widening (with ch02:81 and ch02:101), or wolf-interp is08 if the REPL lane takes all three
samples: samples-declined.toml: 18 declared row(s) — 5 file, 7 typed, 6 binary-or-shell (wolf-book#29)
samples: corpus console declines on linux: 18 DECLINED + 0 OFF-LANE = 18 raw (wolf-book#49)
samples: SKIP pending(is08): 12 wolf-repl block(s) counted, not replayed — the REPL replay lane lands with wolf-interp is08
samples: 2 warning set(s) asserted by warns(…); 30 sample(s) warn with no warns(…) directive (report-only, wolf-book#21)
samples: WARNS undeclared appx/exB-11 [W1301]
samples: WARNS undeclared appx/exB-5 [W1002]
samples: WARNS undeclared appx/exC-2 [W1003]
samples: WARNS undeclared ch03/ex3-14b [E0802]
samples: WARNS undeclared ch03/ex3-2 [W1003]
samples: WARNS undeclared ch07/ex7-1 [W1003]
samples: WARNS undeclared ch07/ex7-3 [W1003]
samples: WARNS undeclared ch10/ex10-6 [W0603]
samples: WARNS undeclared ch10/ex10-7 [W0603]
samples: WARNS undeclared ch12/ex12-11 [W0601]
samples: WARNS undeclared ch13/ex13-3 [W1101, W1102]
samples: WARNS undeclared ch13/ex13-5 [W0603]
samples: WARNS undeclared ch13/ex13-7 [W0402]
samples: WARNS undeclared ch17/ex17-6 [W0603]
samples: WARNS undeclared ch22/calc/main [W0314, W0602, W0603]
samples: WARNS undeclared ch22/clash/main [W0314]
samples: WARNS undeclared ch22/wordcount/main [W0314]
samples: WARNS undeclared ch27/ex27-1 [W0603]
samples: WARNS undeclared ch27/ex27-2 [W0603]
samples: WARNS undeclared ch27/ex27-3 [W0603]
samples: WARNS undeclared ch27/ex27-4 [W0603]
samples: WARNS undeclared ch27/ex27-6 [W0603]
samples: WARNS undeclared book/ch02/s5 [W0309]
samples: WARNS undeclared book/ch07/s2 [W1003]
samples: WARNS undeclared book/ch07/s4 [W1003]
samples: WARNS undeclared book/ch07/s5 [W1003]
samples: WARNS undeclared book/ch12/s10 [W0601]
samples: WARNS undeclared book/ch13/s1 [W1101]
samples: WARNS undeclared book/ch13/s5 [W1101, W1102]
samples: WARNS undeclared book/ch27/part-rpn [W0603]
samples: exported 380 corpus programs to samples/export/corpus/book/
EXIT 0
