ledger: ch01.md    open   9 (filed   9, waived 0, UNFILED 0) closed   8
ledger: ch02.md    open   4 (filed   4, waived 0, UNFILED 0) closed   4
ledger: ch03.md    open   4 (filed   4, waived 0, UNFILED 0) closed   6
ledger: ch04.md    open   5 (filed   5, waived 0, UNFILED 0) closed   2
ledger: ch05.md    open  13 (filed  13, waived 0, UNFILED 0) closed   9
ledger: ch06.md    open   4 (filed   4, waived 0, UNFILED 0) closed   7
ledger: ch07.md    open   6 (filed   4, waived 2, UNFILED 0) closed   8
ledger: ch08.md    open   7 (filed   7, waived 0, UNFILED 0) closed   4
ledger: ch09.md    open   5 (filed   5, waived 0, UNFILED 0) closed  10
ledger: ch10.md    open   5 (filed   5, waived 0, UNFILED 0) closed   2
ledger: ch11.md    open   3 (filed   3, waived 0, UNFILED 0) closed   3
ledger: ch12.md    open   8 (filed   7, waived 1, UNFILED 0) closed   2
ledger: ch13.md    open   1 (filed   1, waived 0, UNFILED 0) closed   5
ledger: ch14.md    open   4 (filed   4, waived 0, UNFILED 0) closed   3
ledger: ch15.md    open   8 (filed   7, waived 1, UNFILED 0) closed   0
ledger: ch16.md    open   4 (filed   4, waived 0, UNFILED 0) closed   1
ledger: ch17.md    open   6 (filed   6, waived 0, UNFILED 0) closed   1
ledger: ch18.md    open   3 (filed   3, waived 0, UNFILED 0) closed   7
ledger: ch19.md    open   1 (filed   1, waived 0, UNFILED 0) closed   0
ledger: ch20.md    open   1 (filed   1, waived 0, UNFILED 0) closed   0
ledger: ch21.md    open   1 (filed   1, waived 0, UNFILED 0) closed   1
ledger: ch22.md    open   2 (filed   1, waived 1, UNFILED 0) closed   3
ledger: ch23.md    open   3 (filed   3, waived 0, UNFILED 0) closed   4
ledger: ch24.md    open   2 (filed   2, waived 0, UNFILED 0) closed   3
ledger: ch25.md    open   1 (filed   1, waived 0, UNFILED 0) closed   0
ledger: ch26.md    open   3 (filed   2, waived 1, UNFILED 0) closed   0
ledger: ch27.md    open   5 (filed   5, waived 0, UNFILED 0) closed   2
ledger: ch28.md    open   2 (filed   2, waived 0, UNFILED 0) closed   2
ledger: ch30.md    open   5 (filed   4, waived 1, UNFILED 0) closed   5
ledger: ch31.md    open   1 (filed   1, waived 0, UNFILED 0) closed   1
ledger: ch32.md    open   0 (filed   0, waived 0, UNFILED 0) closed   5
ledger: ch33.md    open   1 (filed   1, waived 0, UNFILED 0) closed   0
ledger: 32 chapter ledger(s) — 127 open (120 filed, 7 waived, 0 unfiled), 108 closed
EXIT 0
